[responsiweb.com/themes/preview/ace/1.3/index.html]
[backblue.gif]
[fade.gif]
[index.html]
[responsiweb.com/themes/preview/ace/1.3/assets/css/bootstrap.min.css]
[netdna.bootstrapcdn.com/font-awesome/4.0.3/css/font-awesome.min.css]
[responsiweb.com/themes/preview/ace/1.3/assets/css/ace.min.css]
[responsiweb.com/themes/preview/ace/1.3/assets/css/ace-skins.min.css]
[responsiweb.com/themes/preview/ace/1.3/assets/css/ace-rtl.min.css]
[responsiweb.com/themes/preview/ace/1.3/assets/avatars/avatar.png]
[responsiweb.com/themes/preview/ace/1.3/assets/avatars/avatar3.png]
[responsiweb.com/themes/preview/ace/1.3/assets/js/ace-extra.min.js]
[responsiweb.com/themes/preview/ace/1.3/assets/avatars/avatar4.png]
[responsiweb.com/themes/preview/ace/1.3/assets/avatars/avatar2.png]
[responsiweb.com/themes/preview/ace/1.3/assets/avatars/avatar5.png]
[responsiweb.com/themes/preview/ace/1.3/inbox.html]
[responsiweb.com/themes/preview/ace/1.3/assets/avatars/user.jpg]
[responsiweb.com/themes/preview/ace/1.3/profile.html]
[responsiweb.com/themes/preview/ace/1.3/index-2.html]
[responsiweb.com/themes/preview/ace/1.3/top-menu.html]
[responsiweb.com/themes/preview/ace/1.3/mobile-menu-1.html]
[responsiweb.com/themes/preview/ace/1.3/mobile-menu-2.html]
[responsiweb.com/themes/preview/ace/1.3/mobile-menu-3.html]
[responsiweb.com/themes/preview/ace/1.3/typography.html]
[responsiweb.com/themes/preview/ace/1.3/elements.html]
[responsiweb.com/themes/preview/ace/1.3/buttons.html]
[responsiweb.com/themes/preview/ace/1.3/treeview.html]
[responsiweb.com/themes/preview/ace/1.3/jquery-ui.html]
[responsiweb.com/themes/preview/ace/1.3/tables.html]
[responsiweb.com/themes/preview/ace/1.3/nestable-list.html]
[responsiweb.com/themes/preview/ace/1.3/jqgrid.html]
[responsiweb.com/themes/preview/ace/1.3/form-elements.html]
[responsiweb.com/themes/preview/ace/1.3/form-wizard.html]
[responsiweb.com/themes/preview/ace/1.3/wysiwyg.html]
[responsiweb.com/themes/preview/ace/1.3/widgets.html]
[responsiweb.com/themes/preview/ace/1.3/dropzone.html]
[responsiweb.com/themes/preview/ace/1.3/calendar.html]
[responsiweb.com/themes/preview/ace/1.3/gallery.html]
[responsiweb.com/themes/preview/ace/1.3/pricing.html]
[responsiweb.com/themes/preview/ace/1.3/invoice.html]
[responsiweb.com/themes/preview/ace/1.3/timeline.html]
[responsiweb.com/themes/preview/ace/1.3/login.html]
[responsiweb.com/themes/preview/ace/1.3/faq.html]
[responsiweb.com/themes/preview/ace/1.3/error-404.html]
[responsiweb.com/themes/preview/ace/1.3/error-500.html]
[responsiweb.com/themes/preview/ace/1.3/grid.html]
[responsiweb.com/themes/preview/ace/1.3/blank.html]
[responsiweb.com/themes/preview/ace/1.3/assets/avatars/avatar1.png]
[responsiweb.com/themes/preview/ace/1.3/assets/js/jquery.min.js]
[responsiweb.com/themes/preview/ace/1.3/assets/js/jquery.mobile.custom.min.js]
[netdna.bootstrapcdn.com/bootstrap/3.1.1/js/bootstrap.min.js]
[responsiweb.com/themes/preview/ace/1.3/assets/js/jquery-ui.custom.min.js]
[responsiweb.com/themes/preview/ace/1.3/assets/js/jquery.ui.touch-punch.min.js]
[responsiweb.com/themes/preview/ace/1.3/assets/js/jquery.easypiechart.min.js]
[responsiweb.com/themes/preview/ace/1.3/assets/js/jquery.sparkline.min.js]
[responsiweb.com/themes/preview/ace/1.3/assets/js/flot/jquery.flot.min.js]
[responsiweb.com/themes/preview/ace/1.3/assets/js/flot/jquery.flot.pie.min.js]
[responsiweb.com/themes/preview/ace/1.3/assets/js/flot/jquery.flot.resize.min.js]
[responsiweb.com/themes/preview/ace/1.3/assets/js/ace-elements.min.js]
[responsiweb.com/themes/preview/ace/1.3/index.html]
[responsiweb.com/themes/preview/ace/1.3/assets/js/ace.min.js]
[responsiweb.com/themes/preview/ace/1.3/assets/fonts/glyphicons-halflings-regular.eot]
[responsiweb.com/themes/preview/ace/1.3/assets/fonts/glyphicons-halflings-regular.woff]
[responsiweb.com/themes/preview/ace/1.3/assets/fonts/glyphicons-halflings-regulard41d.eot]
[responsiweb.com/themes/preview/ace/1.3/assets/fonts/glyphicons-halflings-regular.ttf]
[responsiweb.com/themes/preview/ace/1.3/assets/css/bootstrap.min.css]
[netdna.bootstrapcdn.com/font-awesome/4.0.3/css/font-awesome.min.css]
[responsiweb.com/themes/preview/ace/1.3/assets/css/images/pattern.jpg]
[responsiweb.com/themes/preview/ace/1.3/assets/css/images/meteorshower2.jpg]
[responsiweb.com/themes/preview/ace/1.3/assets/css/ace.min.css]
[responsiweb.com/themes/preview/ace/1.3/assets/css/ace-skins.min.css]
[responsiweb.com/themes/preview/ace/1.3/assets/css/ace-rtl.min.css]
[responsiweb.com/themes/preview/ace/1.3/assets/js/ace-extra.min.js]
[responsiweb.com/themes/preview/ace/1.3/assets/images/gallery/thumb-4.jpg]
[responsiweb.com/themes/preview/ace/1.3/assets/images/gallery/thumb-3.jpg]
[responsiweb.com/themes/preview/ace/1.3/assets/images/gallery/thumb-2.jpg]
[responsiweb.com/themes/preview/ace/1.3/assets/images/gallery/thumb-1.jpg]
[responsiweb.com/themes/preview/ace/1.3/assets/js/bootstrap-tag.min.js]
[responsiweb.com/themes/preview/ace/1.3/assets/js/jquery.hotkeys.min.js]
[responsiweb.com/themes/preview/ace/1.3/assets/js/bootstrap-wysiwyg.min.js]
[responsiweb.com/themes/preview/ace/1.3/inbox.html]
[responsiweb.com/themes/preview/ace/1.3/assets/js/jquery.slimscroll.min.js]
[responsiweb.com/themes/preview/ace/1.3/assets/css/jquery-ui.custom.min.css]
[responsiweb.com/themes/preview/ace/1.3/assets/css/jquery.gritter.css]
[responsiweb.com/themes/preview/ace/1.3/assets/css/select2.css]
[responsiweb.com/themes/preview/ace/1.3/assets/css/datepicker.css]
[responsiweb.com/themes/preview/ace/1.3/assets/css/bootstrap-editable.css]
[responsiweb.com/themes/preview/ace/1.3/assets/avatars/profile-pic.jpg]
[responsiweb.com/themes/preview/ace/1.3/assets/images/gallery/thumb-5.jpg]
[responsiweb.com/themes/preview/ace/1.3/assets/images/gallery/thumb-6.jpg]
[responsiweb.com/themes/preview/ace/1.3/assets/js/jquery.gritter.min.js]
[responsiweb.com/themes/preview/ace/1.3/assets/js/bootbox.min.js]
[responsiweb.com/themes/preview/ace/1.3/assets/js/date-time/bootstrap-datepicker.min.js]
[responsiweb.com/themes/preview/ace/1.3/assets/js/select2.min.js]
[responsiweb.com/themes/preview/ace/1.3/assets/js/fuelux/fuelux.spinner.min.js]
[responsiweb.com/themes/preview/ace/1.3/assets/js/x-editable/bootstrap-editable.min.js]
[responsiweb.com/themes/preview/ace/1.3/assets/js/x-editable/ace-editable.min.js]
[responsiweb.com/themes/preview/ace/1.3/profile.html]
[responsiweb.com/themes/preview/ace/1.3/index-2.html]
[responsiweb.com/themes/preview/ace/1.3/top-menu.html]
[responsiweb.com/themes/preview/ace/1.3/mobile-menu-1.html]
[responsiweb.com/themes/preview/ace/1.3/mobile-menu-2.html]
[responsiweb.com/themes/preview/ace/1.3/mobile-menu-3.html]
[responsiweb.com/themes/preview/ace/1.3/assets/js/jquery.maskedinput.min.js]
[responsiweb.com/themes/preview/ace/1.3/assets/css/prettify.css]
[responsiweb.com/themes/preview/ace/1.3/typography.html]
[responsiweb.com/themes/preview/ace/1.3/assets/js/prettify.js]
[responsiweb.com/themes/preview/ace/1.3/elements.html]
[responsiweb.com/themes/preview/ace/1.3/buttons.html]
[responsiweb.com/themes/preview/ace/1.3/assets/js/spin.min.js]
[responsiweb.com/themes/preview/ace/1.3/assets/js/fuelux/data/fuelux.tree-sample-demo-data.js]
[responsiweb.com/themes/preview/ace/1.3/treeview.html]
[responsiweb.com/themes/preview/ace/1.3/assets/js/fuelux/fuelux.tree.min.js]
[responsiweb.com/themes/preview/ace/1.3/assets/css/jquery-ui.min.css]
[responsiweb.com/themes/preview/ace/1.3/jquery-ui.html]
[responsiweb.com/themes/preview/ace/1.3/nestable-list.html]
[responsiweb.com/themes/preview/ace/1.3/assets/js/jquery.nestable.min.js]
[responsiweb.com/themes/preview/ace/1.3/assets/js/jquery-ui.min.js]
[responsiweb.com/themes/preview/ace/1.3/tables.html]
[responsiweb.com/themes/preview/ace/1.3/assets/js/jquery.dataTables.min.js]
[responsiweb.com/themes/preview/ace/1.3/assets/js/jquery.dataTables.bootstrap.js]
[responsiweb.com/themes/preview/ace/1.3/assets/css/ui.jqgrid.css]
[responsiweb.com/themes/preview/ace/1.3/jqgrid.html]
[responsiweb.com/themes/preview/ace/1.3/assets/js/jqGrid/i18n/grid.locale-en.js]
[responsiweb.com/themes/preview/ace/1.3/assets/css/chosen.css]
[responsiweb.com/themes/preview/ace/1.3/assets/js/jqGrid/jquery.jqGrid.min.js]
[responsiweb.com/themes/preview/ace/1.3/assets/css/bootstrap-timepicker.css]
[responsiweb.com/themes/preview/ace/1.3/assets/css/daterangepicker.css]
[responsiweb.com/themes/preview/ace/1.3/assets/css/bootstrap-datetimepicker.css]
[responsiweb.com/themes/preview/ace/1.3/assets/css/colorpicker.css]
[responsiweb.com/themes/preview/ace/1.3/assets/js/date-time/bootstrap-timepicker.min.js]
[responsiweb.com/themes/preview/ace/1.3/assets/js/date-time/moment.min.js]
[responsiweb.com/themes/preview/ace/1.3/assets/js/chosen.jquery.min.js]
[responsiweb.com/themes/preview/ace/1.3/assets/js/date-time/daterangepicker.min.js]
[responsiweb.com/themes/preview/ace/1.3/assets/js/date-time/bootstrap-datetimepicker.min.js]
[responsiweb.com/themes/preview/ace/1.3/assets/js/bootstrap-colorpicker.min.js]
[responsiweb.com/themes/preview/ace/1.3/assets/js/jquery.knob.min.js]
[responsiweb.com/themes/preview/ace/1.3/assets/js/jquery.autosize.min.js]
[responsiweb.com/themes/preview/ace/1.3/form-elements.html]
[responsiweb.com/themes/preview/ace/1.3/assets/js/jquery.inputlimiter.1.3.1.min.js]
[responsiweb.com/themes/preview/ace/1.3/assets/js/fuelux/fuelux.wizard.min.js]
[responsiweb.com/themes/preview/ace/1.3/assets/js/jquery.validate.min.js]
[responsiweb.com/themes/preview/ace/1.3/form-wizard.html]
[responsiweb.com/themes/preview/ace/1.3/assets/js/additional-methods.min.js]
[responsiweb.com/themes/preview/ace/1.3/assets/js/markdown/markdown.min.js]
[responsiweb.com/themes/preview/ace/1.3/wysiwyg.html]
[responsiweb.com/themes/preview/ace/1.3/assets/js/markdown/bootstrap-markdown.min.js]
[responsiweb.com/themes/preview/ace/1.3/assets/css/dropzone.css]
[responsiweb.com/themes/preview/ace/1.3/dropzone.html]
[responsiweb.com/themes/preview/ace/1.3/widgets.html]
[responsiweb.com/themes/preview/ace/1.3/assets/js/dropzone.min.js]
[responsiweb.com/themes/preview/ace/1.3/assets/css/fullcalendar.css]
[responsiweb.com/themes/preview/ace/1.3/calendar.html]
[responsiweb.com/themes/preview/ace/1.3/assets/js/fullcalendar.min.js]
[responsiweb.com/themes/preview/ace/1.3/assets/css/colorbox.css]
[responsiweb.com/themes/preview/ace/1.3/assets/images/gallery/image-1.jpg]
[responsiweb.com/themes/preview/ace/1.3/assets/images/gallery/image-2.jpg]
[responsiweb.com/themes/preview/ace/1.3/assets/images/gallery/image-3.jpg]
[responsiweb.com/themes/preview/ace/1.3/assets/images/gallery/image-4.jpg]
[responsiweb.com/themes/preview/ace/1.3/assets/images/gallery/image-5.jpg]
[responsiweb.com/themes/preview/ace/1.3/assets/images/gallery/image-6.jpg]
[responsiweb.com/themes/preview/ace/1.3/assets/js/jquery.colorbox-min.js]
[responsiweb.com/themes/preview/ace/1.3/gallery.html]
[responsiweb.com/themes/preview/ace/1.3/pricing.html]
[responsiweb.com/themes/preview/ace/1.3/invoice.html]
[responsiweb.com/themes/preview/ace/1.3/timeline.html]
[responsiweb.com/themes/preview/ace/1.3/login.html]
[responsiweb.com/themes/preview/ace/1.3/faq.html]
[responsiweb.com/themes/preview/ace/1.3/error-404.html]
[responsiweb.com/themes/preview/ace/1.3/error-500.html]
[responsiweb.com/themes/preview/ace/1.3/grid.html]
[responsiweb.com/themes/preview/ace/1.3/blank.html]
[responsiweb.com/themes/preview/ace/1.3/assets/js/jquery.min.js]
[responsiweb.com/themes/preview/ace/1.3/assets/js/jquery.mobile.custom.min.js]
[responsiweb.com/themes/preview/ace/1.3/assets/js/jquery-ui.custom.min.js]
[responsiweb.com/themes/preview/ace/1.3/assets/js/jquery.ui.touch-punch.min.js]
[responsiweb.com/themes/preview/ace/1.3/assets/js/jquery.easypiechart.min.js]
[responsiweb.com/themes/preview/ace/1.3/assets/js/jquery.sparkline.min.js]
[responsiweb.com/themes/preview/ace/1.3/assets/js/flot/jquery.flot.min.js]
[responsiweb.com/themes/preview/ace/1.3/assets/js/flot/jquery.flot.pie.min.js]
[responsiweb.com/themes/preview/ace/1.3/assets/js/flot/jquery.flot.resize.min.js]
[responsiweb.com/themes/preview/ace/1.3/assets/js/ace-elements.min.js]
[responsiweb.com/themes/preview/ace/1.3/assets/js/ace.min.js]
[responsiweb.com/themes/preview/ace/1.3/assets/fonts/glyphicons-halflings-regular.svg]
[responsiweb.com/themes/preview/ace/1.3/assets/js/bootstrap-tag.min.js]
[responsiweb.com/themes/preview/ace/1.3/assets/js/jquery.hotkeys.min.js]
[responsiweb.com/themes/preview/ace/1.3/assets/js/bootstrap-wysiwyg.min.js]
[responsiweb.com/themes/preview/ace/1.3/assets/js/jquery.slimscroll.min.js]
[responsiweb.com/themes/preview/ace/1.3/assets/css/jquery-ui.custom.min.css]
[responsiweb.com/themes/preview/ace/1.3/assets/images/ie-spacer.html]
[responsiweb.com/themes/preview/ace/1.3/assets/images/gritter.html]
[responsiweb.com/themes/preview/ace/1.3/assets/css/jquery.gritter.css]
[responsiweb.com/themes/preview/ace/1.3/assets/images/gritter-light.html]
[responsiweb.com/themes/preview/ace/1.3/assets/css/select2.png]
[responsiweb.com/themes/preview/ace/1.3/assets/css/select2-spinner.gif]
[responsiweb.com/themes/preview/ace/1.3/assets/css/select2x2.png]
[responsiweb.com/themes/preview/ace/1.3/assets/css/select2.css]
[responsiweb.com/themes/preview/ace/1.3/assets/css/datepicker.css]
[responsiweb.com/themes/preview/ace/1.3/assets/img/loading.gif]
[responsiweb.com/themes/preview/ace/1.3/assets/img/clear.png]
[responsiweb.com/themes/preview/ace/1.3/assets/css/bootstrap-editable.css]
[responsiweb.com/themes/preview/ace/1.3/assets/js/jquery.gritter.min.js]
[responsiweb.com/themes/preview/ace/1.3/assets/js/bootbox.min.js]
[responsiweb.com/themes/preview/ace/1.3/assets/js/date-time/bootstrap-datepicker.min.js]
[responsiweb.com/themes/preview/ace/1.3/assets/js/select2.min.js]
[responsiweb.com/themes/preview/ace/1.3/assets/js/fuelux/fuelux.spinner.min.js]
[responsiweb.com/themes/preview/ace/1.3/assets/js/x-editable/bootstrap-editable.min.js]
[responsiweb.com/themes/preview/ace/1.3/assets/js/x-editable/ace-editable.min.js]
[responsiweb.com/themes/preview/ace/1.3/assets/js/jquery.maskedinput.min.js]
[responsiweb.com/themes/preview/ace/1.3/assets/css/prettify.css]
[responsiweb.com/themes/preview/ace/1.3/assets/js/prettify.js]
[responsiweb.com/themes/preview/ace/1.3/assets/js/spin.min.js]
[responsiweb.com/themes/preview/ace/1.3/assets/js/fuelux/data/fuelux.tree-sample-demo-data.js]
[responsiweb.com/themes/preview/ace/1.3/assets/js/fuelux/fuelux.tree.min.js]
[responsiweb.com/themes/preview/ace/1.3/assets/css/jquery-ui.min.css]
[responsiweb.com/themes/preview/ace/1.3/assets/js/jquery-ui.min.js]
[responsiweb.com/themes/preview/ace/1.3/assets/js/jquery.nestable.min.js]
[responsiweb.com/themes/preview/ace/1.3/assets/js/jquery.dataTables.min.js]
[responsiweb.com/themes/preview/ace/1.3/assets/js/jquery.dataTables.bootstrap.js]
[responsiweb.com/themes/preview/ace/1.3/assets/css/ui.jqgrid.css]
[responsiweb.com/themes/preview/ace/1.3/assets/js/jqGrid/jquery.jqGrid.min.js]
[responsiweb.com/themes/preview/ace/1.3/assets/js/jqGrid/i18n/grid.locale-en.js]
[responsiweb.com/themes/preview/ace/1.3/assets/css/chosen-sprite.png]
[responsiweb.com/themes/preview/ace/1.3/assets/css/chosen-sprite@2x.png]
[responsiweb.com/themes/preview/ace/1.3/assets/css/chosen.css]
[responsiweb.com/themes/preview/ace/1.3/assets/css/bootstrap-timepicker.css]
[responsiweb.com/themes/preview/ace/1.3/assets/css/daterangepicker.css]
[responsiweb.com/themes/preview/ace/1.3/assets/css/bootstrap-datetimepicker.css]
[responsiweb.com/themes/preview/ace/1.3/assets/css/img/saturation.png]
[responsiweb.com/themes/preview/ace/1.3/assets/css/img/hue.png]
[responsiweb.com/themes/preview/ace/1.3/assets/css/img/alpha.png]
[responsiweb.com/themes/preview/ace/1.3/assets/css/colorpicker.css]
[responsiweb.com/themes/preview/ace/1.3/assets/js/chosen.jquery.min.js]
[responsiweb.com/themes/preview/ace/1.3/assets/js/date-time/bootstrap-timepicker.min.js]
[responsiweb.com/themes/preview/ace/1.3/assets/js/date-time/moment.min.js]
[responsiweb.com/themes/preview/ace/1.3/assets/js/date-time/daterangepicker.min.js]
[responsiweb.com/themes/preview/ace/1.3/assets/js/date-time/bootstrap-datetimepicker.min.js]
[responsiweb.com/themes/preview/ace/1.3/assets/js/bootstrap-colorpicker.min.js]
[responsiweb.com/themes/preview/ace/1.3/assets/js/jquery.knob.min.js]
[responsiweb.com/themes/preview/ace/1.3/assets/js/jquery.autosize.min.js]
[responsiweb.com/themes/preview/ace/1.3/assets/js/jquery.inputlimiter.1.3.1.min.js]
[responsiweb.com/themes/preview/ace/1.3/assets/js/fuelux/fuelux.wizard.min.js]
[responsiweb.com/themes/preview/ace/1.3/assets/js/jquery.validate.min.js]
[responsiweb.com/themes/preview/ace/1.3/assets/js/additional-methods.min.js]
[responsiweb.com/themes/preview/ace/1.3/assets/js/markdown/markdown.min.js]
[responsiweb.com/themes/preview/ace/1.3/assets/js/markdown/bootstrap-markdown.min.js]
[responsiweb.com/themes/preview/ace/1.3/assets/images/spritemap.png]
[responsiweb.com/themes/preview/ace/1.3/assets/images/spritemap@2x.png]
[responsiweb.com/themes/preview/ace/1.3/assets/css/dropzone.css]
[responsiweb.com/themes/preview/ace/1.3/component-emitter/index.html]
[responsiweb.com/themes/preview/ace/1.3/dropzone/index.html]
[responsiweb.com/themes/preview/ace/1.3/lib/dropzone.html]
[responsiweb.com/themes/preview/ace/1.3/dropzone/deps/emitter/index.html]
[responsiweb.com/themes/preview/ace/1.3/assets/js/dropzone.min.js]
[responsiweb.com/themes/preview/ace/1.3/assets/css/fullcalendar.css]
[responsiweb.com/themes/preview/ace/1.3/assets/js/fullcalendar.min.js]
[responsiweb.com/themes/preview/ace/1.3/emitter/index.html]
[responsiweb.com/themes/preview/ace/1.3/assets/css/images/overlay.png]
[responsiweb.com/themes/preview/ace/1.3/assets/css/images/border.png]
[responsiweb.com/themes/preview/ace/1.3/assets/css/images/loading_background.png]
[responsiweb.com/themes/preview/ace/1.3/assets/css/images/loading.gif]
[responsiweb.com/themes/preview/ace/1.3/assets/css/colorbox.css]
[responsiweb.com/themes/preview/ace/1.3/assets/js/jquery.colorbox-min.js]
[responsiweb.com/themes/preview/ace/1.3/assets/images/ie-spacer.html]
[responsiweb.com/themes/preview/ace/1.3/assets/images/gritter.html]
[responsiweb.com/themes/preview/ace/1.3/assets/images/gritter-light.html]
[responsiweb.com/themes/preview/ace/1.3/component-emitter/index.html]
[responsiweb.com/themes/preview/ace/1.3/dropzone/index.html]
[responsiweb.com/themes/preview/ace/1.3/lib/dropzone.html]
[responsiweb.com/themes/preview/ace/1.3/dropzone/deps/emitter/index.html]
[responsiweb.com/themes/preview/ace/1.3/emitter/index.html]
[ajax.googleapis.com/ajax/libs/jquery/2.1.0/jquery.min.js]
[responsiweb.com/themes/preview/ace/1.3/dropzone/lib/dropzone.js]
[responsiweb.com/themes/preview/ace/1.3/dropzone/lib/dropzone.js]
[responsiweb.com/themes/preview/ace/1.3/assets/css/images/controls.png]
